---
source: crates/iql-parser/src/lib.rs
expression: "&result"
---
Select(
    SelectStatement {
        columns: All,
        from: Issues,
        filter: Some(
            Comparison {
                field: "count",
                op: GreaterThan,
                value: Number(
                    10,
                ),
            },
        ),
        order_by: None,
        limit: None,
        offset: None,
    },
)
