---
source: crates/iql-parser/src/parser.rs
expression: "&result"
---
Select(
    SelectStatement {
        columns: All,
        from: Issues,
        filter: Some(
            And(
                Comparison {
                    field: "status",
                    op: Equal,
                    value: String(
                        "open",
                    ),
                },
                Comparison {
                    field: "priority",
                    op: Equal,
                    value: Priority(
                        High,
                    ),
                },
            ),
        ),
        order_by: None,
        limit: None,
        offset: None,
    },
)
