---
source: crates/iql-parser/src/lib.rs
expression: "&result"
---
Select(
    SelectStatement {
        columns: All,
        from: Issues,
        filter: Some(
            Comparison {
                field: "title",
                op: Like,
                value: String(
                    "%bug%",
                ),
            },
        ),
        order_by: None,
        limit: None,
        offset: None,
    },
)
