---
source: crates/iql-parser/src/lib.rs
expression: "&result"
---
Create(
    Issue {
        project: ProjectId(
            "test",
        ),
        title: "Line1\nLine2\tTab\rReturn\\Backslash",
        kind: Bug,
        description: None,
        priority: None,
        assignee: None,
    },
)
