---
source: crates/iql-parser/src/lib.rs
expression: "&result"
---
Update(
    UpdateStatement {
        entity: Issue(
            IssueId(
                "test#1",
            ),
        ),
        updates: [
            FieldUpdate {
                field: "comment",
                value: String(
                    "test",
                ),
            },
        ],
    },
)
