---
source: crates/iql-parser/src/lib.rs
expression: "&result"
---
Create(
    Issue {
        project: ProjectId(
            "test",
        ),
        title: "Test",
        kind: Bug,
        description: None,
        priority: Some(
            Critical,
        ),
        assignee: None,
    },
)
